"\\wsl.localhost\Ubuntu\home\enpasos\projects\skillpilot\backend"
CMD.EXE wurde mit dem oben angegebenen Pfad als aktuellem Verzeichnis gestartet.
UNC-Pfade werden nicht unterstützt.
Stattdessen wird das Windows-Verzeichnis als aktuelles Verzeichnis gesetzt.

FAILURE: Build failed with an exception.

* What went wrong:
Directory 'C:\Windows' does not contain a Gradle build.

A Gradle build's root directory should contain one of the possible settings files: settings.gradle, settings.gradle.kts, settings.gradle.dcl.It may also contain one of the possible build files: build.gradle, build.gradle.kts, build.gradle.dcl.

To create a new Gradle build in this directory run 'gradlew init'

For more information about the 'init' task, please refer to https://docs.gradle.org/9.2.1/userguide/build_init_plugin.html in the Gradle documentation.

For more details on creating a Gradle build, please refer to https://docs.gradle.org/9.2.1/userguide/tutorial_using_tasks.html in the Gradle documentation.

* Try:
> Run gradlew init to create a new Gradle build in this directory.
> Run with --stacktrace option to get the stack trace.
> Run with --info or --debug option to get more log output.
> Get more help at https://help.gradle.org.

BUILD FAILED in 1s
