
> skillpilot@0.0.0 build:application
> npm run build:goal-books && npm run check:goal-book-publication && tsc -b && vite build


> skillpilot@0.0.0 build:goal-books
> tsx scripts/buildGoalBookPublications.ts

Goal-book print fonts verified: Arial -> Liberation Sans; Courier New -> Liberation Mono (Regular, Bold, Italic, Bold Italic)
Goal book reused after input/output hash checks: de-gym-mathematik-bundesweit
Goal book reused after input/output hash checks: de-gym-physik-bundesweit
Goal book reused after input/output hash checks: de-gym-chemie-bundesweit
Goal book reused after input/output hash checks: de-gym-biologie-bundesweit
Goal-book publication verified: de-gym-mathematik-bundesweit
Goal-book publication verified: de-gym-physik-bundesweit
Goal-book publication verified: de-gym-chemie-bundesweit
Goal-book publication verified: de-gym-biologie-bundesweit
Goal-book publication ready: 4 books; 0 rendered; /home/enpasos/projects/skillpilot/app/public/lernzielbuch

> skillpilot@0.0.0 check:goal-book-publication
> tsx scripts/checkGoalBookPublication.ts

Published goal book verified: de-gym-mathematik-bundesweit; 807 pages; sha256:42cd0388c643c3d7383027b9b7aaecee72d7c746f172b4c85c55b5b801d3059f
Published goal book verified: de-gym-physik-bundesweit; 478 pages; sha256:738ecf061c02409b6cab4000f7004029ac7dc872e22618c0ec31cf5d4250f770
Published goal book verified: de-gym-chemie-bundesweit; 358 pages; sha256:295d41525d7bd575c8cd3fa896f2adb92222fb6a0533113584e2f591ac815a1b
Published goal book verified: de-gym-biologie-bundesweit; 363 pages; sha256:53efe755912acc7143c3d062bee6273d2fbbd5ee873d90360d7e2db87204840e
vite v7.3.1 building client environment for production...
transforming...
✓ 2520 modules transformed.
rendering chunks...
computing gzip size...
../backend/src/main/resources/static/version.json                                           0.31 kB │ gzip:   0.21 kB
../backend/src/main/resources/static/manifest.webmanifest                                   0.45 kB
../backend/src/main/resources/static/index.html                                             2.89 kB │ gzip:   0.99 kB
../backend/src/main/resources/static/assets/KaTeX_Size3-Regular-CTq5MqoE.woff               4.42 kB
../backend/src/main/resources/static/assets/KaTeX_Size4-Regular-Dl5lxZxV.woff2              4.93 kB
../backend/src/main/resources/static/assets/KaTeX_Size2-Regular-Dy4dx90m.woff2              5.21 kB
../backend/src/main/resources/static/assets/KaTeX_Size1-Regular-mCD8mA8B.woff2              5.47 kB
../backend/src/main/resources/static/assets/KaTeX_Size4-Regular-BF-4gkZK.woff               5.98 kB
../backend/src/main/resources/static/assets/KaTeX_Size2-Regular-oD1tc_U0.woff               6.19 kB
../backend/src/main/resources/static/assets/KaTeX_Size1-Regular-C195tn64.woff               6.50 kB
../backend/src/main/resources/static/assets/KaTeX_Caligraphic-Regular-Di6jR-x-.woff2        6.91 kB
../backend/src/main/resources/static/assets/KaTeX_Caligraphic-Bold-Dq_IR9rO.woff2           6.91 kB
../backend/src/main/resources/static/assets/KaTeX_Size3-Regular-DgpXs0kz.ttf                7.59 kB
../backend/src/main/resources/static/assets/KaTeX_Caligraphic-Regular-CTRA-rTL.woff         7.66 kB
../backend/src/main/resources/static/assets/KaTeX_Caligraphic-Bold-BEiXGLvX.woff            7.72 kB
../backend/src/main/resources/static/assets/KaTeX_Script-Regular-D3wIWfF6.woff2             9.64 kB
../backend/src/main/resources/static/assets/KaTeX_SansSerif-Regular-DDBCnlJ7.woff2         10.34 kB
../backend/src/main/resources/static/assets/KaTeX_Size4-Regular-DWFBv043.ttf               10.36 kB
../backend/src/main/resources/static/assets/KaTeX_Script-Regular-D5yQViql.woff             10.59 kB
../backend/src/main/resources/static/assets/KaTeX_Fraktur-Regular-CTYiF6lA.woff2           11.32 kB
../backend/src/main/resources/static/assets/KaTeX_Fraktur-Bold-CL6g_b3V.woff2              11.35 kB
../backend/src/main/resources/static/assets/KaTeX_Size2-Regular-B7gKUWhC.ttf               11.51 kB
../backend/src/main/resources/static/assets/KaTeX_SansSerif-Italic-C3H0VqGB.woff2          12.03 kB
../backend/src/main/resources/static/assets/KaTeX_SansSerif-Bold-D1sUS0GD.woff2            12.22 kB
../backend/src/main/resources/static/assets/KaTeX_Size1-Regular-Dbsnue_I.ttf               12.23 kB
../backend/src/main/resources/static/assets/KaTeX_SansSerif-Regular-CS6fqUqJ.woff          12.32 kB
../backend/src/main/resources/static/assets/KaTeX_Caligraphic-Regular-wX97UBjC.ttf         12.34 kB
../backend/src/main/resources/static/assets/KaTeX_Caligraphic-Bold-ATXxdsX0.ttf            12.37 kB
../backend/src/main/resources/static/assets/KaTeX_Fraktur-Regular-Dxdc4cR9.woff            13.21 kB
../backend/src/main/resources/static/assets/KaTeX_Fraktur-Bold-BsDP51OF.woff               13.30 kB
../backend/src/main/resources/static/assets/KaTeX_Typewriter-Regular-CO6r4hn1.woff2        13.57 kB
../backend/src/main/resources/static/assets/KaTeX_SansSerif-Italic-DN2j7dab.woff           14.11 kB
../backend/src/main/resources/static/assets/KaTeX_SansSerif-Bold-DbIhKOiC.woff             14.41 kB
../backend/src/main/resources/static/assets/KaTeX_Typewriter-Regular-C0xS9mPB.woff         16.03 kB
../backend/src/main/resources/static/assets/KaTeX_Math-BoldItalic-CZnvNsCZ.woff2           16.40 kB
../backend/src/main/resources/static/assets/KaTeX_Math-Italic-t53AETM-.woff2               16.44 kB
../backend/src/main/resources/static/assets/KaTeX_Script-Regular-C5JkGWo-.ttf              16.65 kB
../backend/src/main/resources/static/assets/KaTeX_Main-BoldItalic-DxDJ3AOS.woff2           16.78 kB
../backend/src/main/resources/static/assets/KaTeX_Main-Italic-NWA7e6Wa.woff2               16.99 kB
../backend/src/main/resources/static/assets/KaTeX_Math-BoldItalic-iY-2wyZ7.woff            18.67 kB
../backend/src/main/resources/static/assets/KaTeX_Math-Italic-DA0__PXp.woff                18.75 kB
../backend/src/main/resources/static/assets/KaTeX_Main-BoldItalic-SpSLRI95.woff            19.41 kB
../backend/src/main/resources/static/assets/KaTeX_SansSerif-Regular-BNo7hRIc.ttf           19.44 kB
../backend/src/main/resources/static/assets/KaTeX_Fraktur-Regular-CB_wures.ttf             19.57 kB
../backend/src/main/resources/static/assets/KaTeX_Fraktur-Bold-BdnERNNW.ttf                19.58 kB
../backend/src/main/resources/static/assets/KaTeX_Main-Italic-BMLOBm91.woff                19.68 kB
../backend/src/main/resources/static/assets/KaTeX_SansSerif-Italic-YYjJ1zSn.ttf            22.36 kB
../backend/src/main/resources/static/assets/KaTeX_SansSerif-Bold-CFMepnvq.ttf              24.50 kB
../backend/src/main/resources/static/assets/KaTeX_Main-Bold-Cx986IdX.woff2                 25.32 kB
../backend/src/main/resources/static/assets/KaTeX_Main-Regular-B22Nviop.woff2              26.27 kB
../backend/src/main/resources/static/assets/KaTeX_Typewriter-Regular-D3Ib7_Hf.ttf          27.56 kB
../backend/src/main/resources/static/assets/KaTeX_AMS-Regular-BQhdFMY1.woff2               28.08 kB
../backend/src/main/resources/static/assets/KaTeX_Main-Bold-Jm3AIy58.woff                  29.91 kB
../backend/src/main/resources/static/assets/KaTeX_Main-Regular-Dr94JaBh.woff               30.77 kB
../backend/src/main/resources/static/assets/KaTeX_Math-BoldItalic-B3XSjfu4.ttf             31.20 kB
../backend/src/main/resources/static/assets/KaTeX_Math-Italic-flOr_0UB.ttf                 31.31 kB
../backend/src/main/resources/static/assets/KaTeX_Main-BoldItalic-DzxPMmG6.ttf             32.97 kB
../backend/src/main/resources/static/assets/KaTeX_AMS-Regular-DMm9YOAa.woff                33.52 kB
../backend/src/main/resources/static/assets/KaTeX_Main-Italic-3WenGoN9.ttf                 33.58 kB
../backend/src/main/resources/static/assets/KaTeX_Main-Bold-waoOVXN0.ttf                   51.34 kB
../backend/src/main/resources/static/assets/KaTeX_Main-Regular-ypZvNtVU.ttf                53.58 kB
../backend/src/main/resources/static/assets/KaTeX_AMS-Regular-DRggAlZN.ttf                 63.63 kB
../backend/src/main/resources/static/assets/elk-worker.min-DGCccKuH.js                  1,613.73 kB
../backend/src/main/resources/static/assets/RequiresReactFlowBoard-BZV40eAE.css            15.85 kB │ gzip:   2.66 kB
../backend/src/main/resources/static/assets/index-DwjmPqYv.css                            233.19 kB │ gzip:  36.61 kB
../backend/src/main/resources/static/assets/index-DzIdEXpD.js                               0.07 kB │ gzip:   0.08 kB
../backend/src/main/resources/static/assets/arrow-left-BAbus500.js                          0.16 kB │ gzip:   0.16 kB
../backend/src/main/resources/static/assets/search-Blmd6QLo.js                              0.16 kB │ gzip:   0.16 kB
../backend/src/main/resources/static/assets/authoringClient-BXWkCHRF.js                     0.17 kB │ gzip:   0.15 kB
../backend/src/main/resources/static/assets/circle-check-BOdgp496.js                        0.17 kB │ gzip:   0.16 kB
../backend/src/main/resources/static/assets/gauge--wYwqbqN.js                               0.17 kB │ gzip:   0.17 kB
../backend/src/main/resources/static/assets/circle-x-BsiTcXf4.js                            0.20 kB │ gzip:   0.17 kB
../backend/src/main/resources/static/assets/index-CtXnX3Xp.js                               0.22 kB │ gzip:   0.19 kB
../backend/src/main/resources/static/assets/interpolateTemplate-iMDyqAeA.js                 0.22 kB │ gzip:   0.17 kB
../backend/src/main/resources/static/assets/copy-j2arFnHi.js                                0.23 kB │ gzip:   0.20 kB
../backend/src/main/resources/static/assets/split-C-57ox_0.js                               0.26 kB │ gzip:   0.20 kB
../backend/src/main/resources/static/assets/image-sJ7C57ja.js                               0.27 kB │ gzip:   0.22 kB
../backend/src/main/resources/static/assets/list-checks-CtoK34yt.js                         0.28 kB │ gzip:   0.18 kB
../backend/src/main/resources/static/assets/house-Dy_303I-.js                               0.29 kB │ gzip:   0.22 kB
../backend/src/main/resources/static/assets/flask-conical-Bn8tPQSv.js                       0.30 kB │ gzip:   0.23 kB
../backend/src/main/resources/static/assets/users-CEV1Xndx.js                               0.30 kB │ gzip:   0.22 kB
../backend/src/main/resources/static/assets/badge-check-BwSq9bwm.js                         0.31 kB │ gzip:   0.21 kB
../backend/src/main/resources/static/assets/refresh-cw-B19foNln.js                          0.32 kB │ gzip:   0.22 kB
../backend/src/main/resources/static/assets/save-Dx0XMPfk.js                                0.32 kB │ gzip:   0.22 kB
../backend/src/main/resources/static/assets/file-text-B_Mi4Hn0.js                           0.33 kB │ gzip:   0.21 kB
../backend/src/main/resources/static/assets/book-open-check-BKls78hn.js                     0.33 kB │ gzip:   0.23 kB
../backend/src/main/resources/static/assets/chevron-right-CS1c4GfR.js                       0.35 kB │ gzip:   0.24 kB
../backend/src/main/resources/static/assets/layers-CtCjeSG-.js                              0.42 kB │ gzip:   0.24 kB
../backend/src/main/resources/static/assets/InlineMathText-wNt1UekU.js                      0.43 kB │ gzip:   0.26 kB
../backend/src/main/resources/static/assets/PublicPageHeader-CjTZb7PC.js                    0.56 kB │ gzip:   0.35 kB
../backend/src/main/resources/static/assets/goalFeedbackReturnNavigation-CP-BIDPq.js        0.70 kB │ gzip:   0.47 kB
../backend/src/main/resources/static/assets/FlashcardMarkdown-HekPdish.js                   0.97 kB │ gzip:   0.50 kB
../backend/src/main/resources/static/assets/ConfirmModal-BEgZhtde.js                        1.10 kB │ gzip:   0.56 kB
../backend/src/main/resources/static/assets/NeighborSection-B2ldOsIn.js                     1.31 kB │ gzip:   0.68 kB
../backend/src/main/resources/static/assets/goalBookPublicationRegistry-D2vZC8kg.js         1.48 kB │ gzip:   0.55 kB
../backend/src/main/resources/static/assets/FlashcardFlipCard-DP0ek1dC.js                   1.82 kB │ gzip:   0.74 kB
../backend/src/main/resources/static/assets/CurriculumQualityBadge-Bkiru6fr.js              2.10 kB │ gzip:   0.94 kB
../backend/src/main/resources/static/assets/ImprintView-Bi7kHqEa.js                         2.40 kB │ gzip:   1.03 kB
../backend/src/main/resources/static/assets/StatsView-DE7F90Vy.js                           2.70 kB │ gzip:   1.01 kB
../backend/src/main/resources/static/assets/repositoryGoalSourceRationales-C7CICeOg.js      2.73 kB │ gzip:   1.19 kB
../backend/src/main/resources/static/assets/markdownDocumentViewCopy-qCNYxEU0.js            3.68 kB │ gzip:   1.81 kB
../backend/src/main/resources/static/assets/campaignTracking-15OP2KAw.js                    4.45 kB │ gzip:   2.17 kB
../backend/src/main/resources/static/assets/StoryView-CYWljk7n.js                           4.70 kB │ gzip:   2.29 kB
../backend/src/main/resources/static/assets/SuccessView-BMILQwFl.js                         4.78 kB │ gzip:   1.90 kB
../backend/src/main/resources/static/assets/elk-api-C-whi9k2.js                             4.94 kB │ gzip:   2.03 kB
../backend/src/main/resources/static/assets/goalBookFeedback-BXUklsUm.js                    5.49 kB │ gzip:   2.32 kB
../backend/src/main/resources/static/assets/workbox-window.prod.es5-BIl4cyR9.js             5.76 kB │ gzip:   2.37 kB
../backend/src/main/resources/static/assets/UsersView-XNH7BsFA.js                           7.76 kB │ gzip:   2.79 kB
../backend/src/main/resources/static/assets/ExplorerView-6O9eUUV7.js                        9.00 kB │ gzip:   2.95 kB
../backend/src/main/resources/static/assets/WhitepaperView-Dnvxg8cy.js                     14.19 kB │ gzip:   5.01 kB
../backend/src/main/resources/static/assets/RequiresFlowMap-CMuloEPl.js                    14.56 kB │ gzip:   4.84 kB
../backend/src/main/resources/static/assets/WorkbenchView-CWu-G3Hg.js                      14.95 kB │ gzip:   4.39 kB
../backend/src/main/resources/static/assets/Abi26MatheStartView-oMv7GCFK.js                15.85 kB │ gzip:   4.74 kB
../backend/src/main/resources/static/assets/FlashcardEditorView-DILpOZos.js                20.17 kB │ gzip:   5.84 kB
../backend/src/main/resources/static/assets/FaqView-BBEkxEdl.js                            21.61 kB │ gzip:   7.67 kB
../backend/src/main/resources/static/assets/GoalBookFeedbackPilotView-Uo7wOC-a.js          21.93 kB │ gzip:   7.27 kB
../backend/src/main/resources/static/assets/goalBookRuntime-CkE1XNBf.js                    22.04 kB │ gzip:   7.42 kB
../backend/src/main/resources/static/assets/CanonicalClusterEditorView-cDnIAKI-.js         22.14 kB │ gzip:   5.59 kB
../backend/src/main/resources/static/assets/purify.es-CovBOfck.js                          22.58 kB │ gzip:   8.67 kB
../backend/src/main/resources/static/assets/GraphEditorView-DeV9L7Df.js                    24.35 kB │ gzip:   6.70 kB
../backend/src/main/resources/static/assets/SemanticAtomicityReviewView-COLiw5iZ.js        26.25 kB │ gzip:   6.89 kB
../backend/src/main/resources/static/assets/GoalVisualizationQaView-BtV09JD5.js            29.92 kB │ gzip:   8.23 kB
../backend/src/main/resources/static/assets/CompositionViewEditorView-DVJDxj1L.js          32.10 kB │ gzip:   6.09 kB
../backend/src/main/resources/static/assets/CurriculumMappingWorkbenchView-be8-96gD.js     33.11 kB │ gzip:   7.44 kB
../backend/src/main/resources/static/assets/learnerLearningPlanApi-DApjfmST.js             36.91 kB │ gzip:  12.55 kB
../backend/src/main/resources/static/assets/LogoutButton-B2xZpOdw.js                       37.18 kB │ gzip:  10.89 kB
../backend/src/main/resources/static/assets/index-qnUpJLix.js                              39.09 kB │ gzip:  11.82 kB
../backend/src/main/resources/static/assets/CoachProviderMatrixView-B1jsekKi.js            40.20 kB │ gzip:   9.02 kB
../backend/src/main/resources/static/assets/PluginCatalogView-DxXyMeS3.js                  40.46 kB │ gzip:  12.05 kB
../backend/src/main/resources/static/assets/PrivacyView-ew7mTNBN.js                        43.02 kB │ gzip:  15.58 kB
../backend/src/main/resources/static/assets/CurriculaView-BovoB43H.js                      43.98 kB │ gzip:  12.56 kB
../backend/src/main/resources/static/assets/LegalView-ChCIJsDs.js                          44.49 kB │ gzip:  16.35 kB
../backend/src/main/resources/static/assets/CurriculumQualityDashboardView-B3irNw9X.js     50.38 kB │ gzip:  11.72 kB
../backend/src/main/resources/static/assets/GoalBookView-CsOOI-eu.js                       56.34 kB │ gzip:  16.75 kB
../backend/src/main/resources/static/assets/svg2pdf.es.min-DnhuuxXC.js                     87.18 kB │ gzip:  25.62 kB
../backend/src/main/resources/static/assets/LearnerView-C0VXYw0q.js                       147.99 kB │ gzip:  43.73 kB
../backend/src/main/resources/static/assets/index.es-BfO5RG3I.js                          158.62 kB │ gzip:  52.95 kB
../backend/src/main/resources/static/assets/RequiresReactFlowBoard-B_LpVRj-.js            186.52 kB │ gzip:  61.38 kB
../backend/src/main/resources/static/assets/html2canvas.esm-DXEQVQnt.js                   201.04 kB │ gzip:  47.43 kB
../backend/src/main/resources/static/assets/TrainerView-y1LRbzJI.js                       212.47 kB │ gzip:  62.30 kB
../backend/src/main/resources/static/assets/index-Dx0N4ule.js                             280.23 kB │ gzip:  83.44 kB
../backend/src/main/resources/static/assets/jspdf.es.min-DGuCODxx.js                      386.04 kB │ gzip: 126.34 kB
../backend/src/main/resources/static/assets/index-nGu3koLH.js                             675.42 kB │ gzip: 207.83 kB

(!) Some chunks are larger than 500 kB after minification. Consider:
- Using dynamic import() to code-split the application
- Use build.rollupOptions.output.manualChunks to improve chunking: https://rollupjs.org/configuration-options/#output-manualchunks
- Adjust chunk size limit for this warning via build.chunkSizeWarningLimit.
✓ built in 38.40s
Browserslist: browsers data (caniuse-lite) is 10 months old. Please run:
  npx update-browserslist-db@latest
  Why you should do it regularly: https://github.com/browserslist/update-db#readme

PWA v1.2.0
mode      generateSW
precache  90 entries (4972.64 KiB)
files generated
  ../backend/src/main/resources/static/sw.js
  ../backend/src/main/resources/static/workbox-1ef09536.js
