
> skillpilot@0.0.0 quality:memory-card-review:check
> tsx scripts/memoryCardReview.ts --mode=check --config=curricula/DE/Gymnasium/quality/goal-evidence/2026-10-05/biologie-q1-six-current-source-hold-remediation-candidate-v1/memory.candidate.config.json

# Memory Card Review: biologie-q1-six-source-hold-remediation-candidate-v1
Scope: Inactive proposed six ordinary atoms only; source/placement holds are independent
Rule: memory-card-review-v1
Ordinary atomic goals in scope: 6
Current no-memory decisions: 6
Current memory-required decisions: 0
Current needs developer review: 0
Memory goals in scope: 0
Traced memory goals: 0
Known deck IDs: 1
Deck files: 2
Card rows: 34
Primary cards in scope: 0
Kept primary cards: 0
Cards marked remove: 0
Cards needing developer review: 0
Missing review records: 0
Stale review records: 0
Obsolete review records: 0
Missing card review records: 0
Stale card review records: 0
Obsolete card review records: 0
Composition visibility scopes: 1
Memory-required goals checked in views: 0
Memory-required goals without visible memory node: 0
